/* examples/css/button.css */
.content {
  font-size: xx-small;
}
/*# sourceMappingURL=with_css.css.map */
